{
"issues":  [
{
"id":  "S2370",
"message":  "Rename \"s_expressionsMappings\" to match the regular expression: \"^([A-Z]{1,3}[a-z0-9]+)*([A-Z]{2})?$\".",
"location":  {
"uri":  "roslyn\\src\\Compilers\\VisualBasic\\Portable\\BoundTree\\Statement.vb",
"region":  {
"startLine":  1488,
"startColumn":  35,
"endLine":  1488,
"endColumn":  56
}
}
},
{
"id":  "S2370",
"message":  "Rename \"GetErrorInfo_ERR_WithEventsRequiresClass\" to match the regular expression: \"^([A-Z]{1,3}[a-z0-9]+)*([A-Z]{2})?$\".",
"location":  {
"uri":  "roslyn\\src\\Compilers\\VisualBasic\\Portable\\Errors\\ErrorFactories.vb",
"region":  {
"startLine":  38,
"startColumn":  32,
"endLine":  38,
"endColumn":  72
}
}
},
{
"id":  "S2370",
"message":  "Rename \"GetErrorInfo_ERR_StrictDisallowImplicitObject\" to match the regular expression: \"^([A-Z]{1,3}[a-z0-9]+)*([A-Z]{2})?$\".",
"location":  {
"uri":  "roslyn\\src\\Compilers\\VisualBasic\\Portable\\Errors\\ErrorFactories.vb",
"region":  {
"startLine":  41,
"startColumn":  32,
"endLine":  41,
"endColumn":  77
}
}
},
{
"id":  "S2370",
"message":  "Rename \"GetErrorInfo_WRN_ObjectAssumedVar1_WRN_StaticLocalNoInference\" to match the regular expression: \"^([A-Z]{1,3}[a-z0-9]+)*([A-Z]{2})?$\".",
"location":  {
"uri":  "roslyn\\src\\Compilers\\VisualBasic\\Portable\\Errors\\ErrorFactories.vb",
"region":  {
"startLine":  44,
"startColumn":  32,
"endLine":  44,
"endColumn":  93
}
}
},
{
"id":  "S2370",
"message":  "Rename \"GetErrorInfo_WRN_ObjectAssumedVar1_WRN_MissingAsClauseinVarDecl\" to match the regular expression: \"^([A-Z]{1,3}[a-z0-9]+)*([A-Z]{2})?$\".",
"location":  {
"uri":  "roslyn\\src\\Compilers\\VisualBasic\\Portable\\Errors\\ErrorFactories.vb",
"region":  {
"startLine":  47,
"startColumn":  32,
"endLine":  47,
"endColumn":  95
}
}
},
{
"id":  "S2370",
"message":  "Rename \"GetErrorInfo_ERR_StrictDisallowsImplicitProc\" to match the regular expression: \"^([A-Z]{1,3}[a-z0-9]+)*([A-Z]{2})?$\".",
"location":  {
"uri":  "roslyn\\src\\Compilers\\VisualBasic\\Portable\\Errors\\ErrorFactories.vb",
"region":  {
"startLine":  50,
"startColumn":  32,
"endLine":  50,
"endColumn":  76
}
}
},
{
"id":  "S2370",
"message":  "Rename \"GetErrorInfo_ERR_StrictDisallowsImplicitArgs\" to match the regular expression: \"^([A-Z]{1,3}[a-z0-9]+)*([A-Z]{2})?$\".",
"location":  {
"uri":  "roslyn\\src\\Compilers\\VisualBasic\\Portable\\Errors\\ErrorFactories.vb",
"region":  {
"startLine":  53,
"startColumn":  32,
"endLine":  53,
"endColumn":  76
}
}
},
{
"id":  "S2370",
"message":  "Rename \"GetErrorInfo_WRN_ObjectAssumed1_WRN_MissingAsClauseinFunction\" to match the regular expression: \"^([A-Z]{1,3}[a-z0-9]+)*([A-Z]{2})?$\".",
"location":  {
"uri":  "roslyn\\src\\Compilers\\VisualBasic\\Portable\\Errors\\ErrorFactories.vb",
"region":  {
"startLine":  56,
"startColumn":  32,
"endLine":  56,
"endColumn":  93
}
}
},
{
"id":  "S2370",
"message":  "Rename \"GetErrorInfo_WRN_ObjectAssumed1_WRN_MissingAsClauseinOperator\" to match the regular expression: \"^([A-Z]{1,3}[a-z0-9]+)*([A-Z]{2})?$\".",
"location":  {
"uri":  "roslyn\\src\\Compilers\\VisualBasic\\Portable\\Errors\\ErrorFactories.vb",
"region":  {
"startLine":  59,
"startColumn":  32,
"endLine":  59,
"endColumn":  93
}
}
},
{
"id":  "S2370",
"message":  "Rename \"GetErrorInfo_WRN_ObjectAssumedProperty1_WRN_MissingAsClauseinProperty\" to match the regular expression: \"^([A-Z]{1,3}[a-z0-9]+)*([A-Z]{2})?$\".",
"location":  {
"uri":  "roslyn\\src\\Compilers\\VisualBasic\\Portable\\Errors\\ErrorFactories.vb",
"region":  {
"startLine":  62,
"startColumn":  32,
"endLine":  62,
"endColumn":  101
}
}
}
]
}
