{
"issues":  [
{
"id":  "S1854",
"message":  "Remove this useless assignment to local variable \"value\".",
"location":  {
"uri":  "Nancy\\src\\Nancy.ViewEngines.DotLiquid\\DynamicDrop.cs",
"region":  {
"startLine":  35,
"startColumn":  26,
"endLine":  35,
"endColumn":  32
}
}
}
]
}
