{
"issues":  [
{
"id":  "S1854",
"message":  "Remove this useless assignment to local variable \"resultType\".",
"location":  {
"uri":  "Nancy\\src\\Nancy.ViewEngines.Razor\\ClrTypeResolver.cs",
"region":  {
"startLine":  212,
"startColumn":  33,
"endLine":  212,
"endColumn":  39
}
}
}
]
}
