{
"issues":  [
{
"id":  "S1854",
"message":  "Remove this useless assignment to local variable \"actor\".",
"location":  {
"uri":  "akka.net\\src\\core\\Akka\\Actor\\Props.cs",
"region":  {
"startLine":  556,
"startColumn":  23,
"endLine":  556,
"endColumn":  29
}
}
},
{
"id":  "S1854",
"message":  "Remove this useless assignment to local variable \"actor\".",
"location":  {
"uri":  "akka.net\\src\\core\\Akka\\Actor\\Props.cs",
"region":  {
"startLine":  584,
"startColumn":  23,
"endLine":  584,
"endColumn":  29
}
}
},
{
"id":  "S1854",
"message":  "Remove this useless assignment to local variable \"actor\".",
"location":  {
"uri":  "akka.net\\src\\core\\Akka\\Actor\\Props.cs",
"region":  {
"startLine":  610,
"startColumn":  23,
"endLine":  610,
"endColumn":  29
}
}
},
{
"id":  "S1854",
"message":  "Remove this useless assignment to local variable \"oldNext\".",
"location":  {
"uri":  "akka.net\\src\\core\\Akka\\Util\\MonoConcurrentQueue.cs",
"region":  {
"startLine":  148,
"startColumn":  26,
"endLine":  148,
"endColumn":  32
}
}
},
{
"id":  "S1854",
"message":  "Remove this useless assignment to local variable \"actor\".",
"location":  {
"uri":  "akka.net\\src\\core\\Akka\\Util\\Resolver.cs",
"region":  {
"startLine":  32,
"startColumn":  19,
"endLine":  32,
"endColumn":  25
}
}
}
]
}
