{
"issues":  [
{
"id":  "S1854",
"message":  "Remove this useless assignment to local variable \"tickItems\".",
"location":  {
"uri":  "akka.net\\src\\core\\Akka.TestKit\\TestScheduler.cs",
"region":  {
"startLine":  70,
"startColumn":  44,
"endLine":  70,
"endColumn":  50
}
}
}
]
}
