{
"issues":  [
{
"id":  "S1854",
"message":  "Remove this useless assignment to local variable \"peer\".",
"location":  {
"uri":  "akka.net\\src\\core\\Akka.Cluster.Tests\\MetricsCollectorSpec.cs",
"region":  {
"startLine":  48,
"startColumn":  33,
"endLine":  48,
"endColumn":  39
}
}
},
{
"id":  "S1854",
"message":  "Remove this useless assignment to local variable \"peer\".",
"location":  {
"uri":  "akka.net\\src\\core\\Akka.Cluster.Tests\\MetricsCollectorSpec.cs",
"region":  {
"startLine":  66,
"startColumn":  33,
"endLine":  66,
"endColumn":  39
}
}
}
]
}
