{
"issues":  [
{
"id":  "S1854",
"message":  "Remove this useless assignment to local variable \"region\".",
"location":  {
"uri":  "akka.net\\src\\contrib\\cluster\\Akka.Cluster.Sharding\\ShardRegion.cs",
"region":  {
"startLine":  777,
"startColumn":  30,
"endLine":  777,
"endColumn":  31
}
}
}
]
}
