{
"issues":  [
{
"id":  "S1854",
"message":  "Remove this useless assignment to local variable \"routingLogic\".",
"location":  {
"uri":  "akka.net\\src\\contrib\\cluster\\Akka.Cluster.Tools\\PublishSubscribe\\DistributedPubSubSettings.cs",
"region":  {
"startLine":  33,
"startColumn":  39,
"endLine":  33,
"endColumn":  45
}
}
}
]
}
